// Jest Snapshot v1, https://goo.gl/fbAQLP

exports[`Render MovieCardFullPoster 1`] = `
<div
  className="movie-card__poster movie-card__poster--big"
>
  <img
    alt="Bohemian Rhapsody"
    height="327"
    src="img/bohemian-rhapsody.jpg"
    width="218"
  />
</div>
`;
