// Jest Snapshot v1, https://goo.gl/fbAQLP

exports[`Render MovieCardTabReviews 1`] = `
Array [
  <div
    className="movie-rating"
  >
    <div
      className="movie-rating__score"
    >
      6.6
    </div>
    <p
      className="movie-rating__meta"
    >
      <span
        className="movie-rating__level"
      >
        Good
      </span>
      <span
        className="movie-rating__count"
      >
        901 ratings
      </span>
    </p>
  </div>,
  <div
    className="movie-card__text"
  >
    <p>
      https://upload.wikimedia.org/wikipedia/commons/transcoded/b/b3/Big_Buck_Bunny_Trailer_400p.ogv/Big_Buck_Bunny_Trailer_400p.ogv.360p.webm
    </p>
    <p
      className="movie-card__director"
    >
      <strong>
        Director: Я нёс цветы, дед свою поломанную ветку, мы шли молча.
      </strong>
    </p>
    <p
      className="movie-card__starring"
    >
      <strong>
        Starring: Дэвид Линч, Альфред Хичкок, Сидни Люмет, Квентин Тарантино, Майкл Манн, Кристофер Нолан, Леонид Гайдай, Билли Уайлдер
      </strong>
    </p>
  </div>,
]
`;
