// Jest Snapshot v1, https://goo.gl/fbAQLP

exports[`Render MovieCardFullRating 1`] = `
<div
  className="movie-rating"
>
  <div
    className="movie-rating__score"
  >
    0.1
  </div>
  <p
    className="movie-rating__meta"
  >
    <span
      className="movie-rating__level"
    >
      Bad
    </span>
    <span
      className="movie-rating__count"
    >
      823 ratings
    </span>
  </p>
</div>
`;
