// Jest Snapshot v1, https://goo.gl/fbAQLP

exports[`Render CatalogGenresItem 1`] = `
<li
  className="catalog__genres-item false"
>
  <a
    className="catalog__genres-link"
    href="#"
  >
    Музыка
  </a>
</li>
`;
