// Jest Snapshot v1, https://goo.gl/fbAQLP

exports[`Render MovieCardInfo 1`] = `
<div
  className="movie-card__wrap"
>
  <div
    className="movie-card__info"
  >
    <div
      className="movie-card__poster"
    >
      <img
        alt="Macbeth"
        height="327"
        src="img/macbeth.jpg"
        width="218"
      />
    </div>
    <div
      className="movie-card__desc"
    >
      <h2
        className="movie-card__title"
      >
        Macbeth
      </h2>
      <p
        className="movie-card__meta"
      >
        <span
          className="movie-card__genre"
        >
          Мишель Родригес
        </span>
        <span
          className="movie-card__year"
        >
          1962
        </span>
      </p>
      <div
        className="movie-card__buttons"
      >
        <button
          className="btn btn--play movie-card__button"
          type="button"
        >
          <svg
            height="19"
            viewBox="0 0 19 19"
            width="19"
          >
            <use
              xlinkHref="#play-s"
            />
          </svg>
          <span>
            Play
          </span>
        </button>
        <button
          className="btn btn--list movie-card__button"
          type="button"
        >
          <svg
            height="20"
            viewBox="0 0 19 20"
            width="19"
          >
            <use
              xlinkHref="#add"
            />
          </svg>
          <span>
            My list
          </span>
        </button>
        <a>
          la-la-la
        </a>
      </div>
    </div>
  </div>
</div>
`;
