// Jest Snapshot v1, https://goo.gl/fbAQLP

exports[`Render SmallMovieCard 1`] = `
<article
  className="small-movie-card catalog__movies-card"
  onClick={[Function]}
  onMouseEnter={[Function]}
  onMouseLeave={[Function]}
>
  <div
    className="small-movie-card__image"
  >
    <video
      autoPlay={true}
      className="player__video"
      muted={true}
      poster="img/revenant.jpg"
      src="bg-the-grand-budapest-hotel.jpg"
    />
    <img
      alt="Revenant"
      height="175"
      src="img/revenant.jpg"
      width="280"
    />
  </div>
  <h3
    className="small-movie-card__title"
  >
    <a
      className="small-movie-card__link"
      href="movie-page.html"
    >
      Revenant
    </a>
  </h3>
</article>
`;
